// Jest Snapshot v1, https://goo.gl/fbAQLP

exports[`Test on <SearchScreen /> should render correctly 1`] = `
<div>
  <div
    class="row"
  >
    <div
      class="col-5"
    >
      <h4>
        Search
      </h4>
      <hr />
      <form>
        <input
          autocomplete="off"
          class="form-control"
          name="search"
          placeholder="Type something..."
          type="text"
          value=""
        />
        <button
          class="btn btn-outline-dark mt-2"
        >
          Submit
        </button>
      </form>
    </div>
    <div
      class="col-7"
    >
      <h4>
        Results
      </h4>
      <hr />
      <div
        class="alert alert-primary"
      >
        Type something in the search box to search for a hero.
      </div>
    </div>
  </div>
</div>
`;
