// Jest Snapshot v1, https://goo.gl/fbAQLP

exports[`Test on <Navbar /> should render properly 1`] = `
<div>
  <nav
    class="navbar navbar-expand-sm navbar-dark bg-dark"
  >
    <div
      class="container-fluid"
    >
      <a
        class="navbar-brand"
        href="/marvel"
      >
        HeroesApp
      </a>
      <div
        class="navbar-collapse"
      >
        <div
          class="navbar-nav"
        >
          <a
            class="nav-item nav-link"
            href="/marvel"
          >
            Marvel
          </a>
          <a
            class="nav-item nav-link"
            href="/dc"
          >
            DC
          </a>
          <a
            class="nav-item nav-link"
            href="/search"
          >
            Search
          </a>
        </div>
      </div>
      <div
        class="navbar-collapse collapse w-100 order-3 dual-collapse2 d-flex justify-content-end "
      >
        <ul
          class="navbar-nav ml-auto"
        >
          <span
            class="nav-item nav-link text-warning"
          >
            Batman
          </span>
          <button
            class="btn nav-item nav-link"
          >
            Logout
          </button>
        </ul>
      </div>
    </div>
  </nav>
</div>
`;
